> Task :clean
> Task :extractIncludeProto
> Task :extractProto
> Task :generateProto FROM-CACHE

> Task :compileJava
Note: /Users/aousganeh/Desktop/fix/code/identity-service/src/main/java/az/fitnest/identity/entity/User.java uses or overrides a deprecated API.
Note: Recompile with -Xlint:deprecation for details.

> Task :processResources
> Task :classes
> Task :resolveMainClassName
> Task :bootJar
> Task :jar
> Task :assemble
> Task :extractIncludeTestProto
> Task :extractTestProto
> Task :generateTestProto NO-SOURCE
> Task :compileTestJava
> Task :processTestResources NO-SOURCE
> Task :testClasses
OpenJDK 64-Bit Server VM warning: Sharing is only supported for boot loader classes because bootstrap classpath has been appended
> Task :test
> Task :check
> Task :build

BUILD SUCCESSFUL in 3s
13 actionable tasks: 12 executed, 1 from cache
